<?xml version="1.0" encoding="utf-8"?><testsuites><testsuite name="pytest" errors="0" failures="0" skipped="0" tests="0" time="0.172" timestamp="2025-07-29T22:22:22.073208" hostname="a4f5483ed0d3" /></testsuites>